node : file:///C:/Users/user/
OneDrive/Desktop/magri/mAgri-
Platform/node_modules/openai/
client.mjs:91
At line:1 char:1
+ node index.js > 
test_log.txt 2>&1
+ ~~~~~~~~~~~~~~~~~~~~~~~~~~~
~~~~~~
    + CategoryInfo           
   : NotSpecified: (file://  
  /C:/User...i/client.mjs:   
 91:String) [], RemoteExc    
eption
    + FullyQualifiedErrorId  
   : NativeCommandError
 
            throw new 
Errors.OpenAIError('Missing 
credentials. Please pass an 
`apiKey`, or set the 
`OPENAI_API_KEY` environment 
variable.');
                  ^

OpenAIError: Missing 
credentials. Please pass an 
`apiKey`, or set the 
`OPENAI_API_KEY` environment 
variable.
    at new OpenAI (file:///C:
/Users/user/OneDrive/Desktop/
magri/mAgri-Platform/node_mod
ules/openai/client.mjs:91:19)
    at file:///C:/Users/user/
OneDrive/Desktop/magri/mAgri-
Platform/index.js:111:16
    at ModuleJob.run (node:in
ternal/modules/esm/module_job
:413:25)
    at async onImport.tracePr
omise.__proto__ (node:interna
l/modules/esm/loader:660:26)
    at async asyncRunEntryPoi
ntWithESMLoader (node:interna
l/modules/run_main:101:5)

Node.js v24.12.0
